// Jest Snapshot v1, https://goo.gl/fbAQLP

exports[`BookListComponent should match snapshot 1`] = `
<app-book-list
  add={[Function EventEmitter_]}
  books={[Function Array]}
>
  <div
    class="book-list"
  >
  </div>
</app-book-list>
`;
