// Jest Snapshot v1, https://goo.gl/fbAQLP

exports[`ChildComponent should render labels and inputs 1`] = `
<app-child>
  <p>
    child works!
  </p>
</app-child>
`;
