// Jest Snapshot v1, https://goo.gl/fbAQLP

exports[`BookCollectionComponent should match snapshot 1`] = `
<app-book-collection
  books={[Function Array]}
  remove={[Function EventEmitter_]}
>
  <div
    class="book-collection"
  >
  </div>
</app-book-collection>
`;
