// Jest Snapshot v1, https://goo.gl/fbAQLP

exports[`AppComponent should render a header and the app-gamepad-poc component 1`] = `
<app-root>
  <h1>
    Hello, World!
  </h1><div>
    <app-gamepad-poc />
  </div>
</app-root>
`;
