// Jest Snapshot v1, https://goo.gl/fbAQLP

exports[`AppComponent should render labels and inputs 1`] = `
<app-root
  firstName={[Function Function]}
  fullName={[Function Function]}
  lastName={[Function Function]}
>
  <h1>
    Angular Signals Demo
  </h1><div>
    <label
      for="firstName"
    >
      First name
    </label>
    <input
      id="firstName"
    />
  </div><div>
    <label
      for="lastName"
    >
      Last name
    </label>
    <input
      id="lastName"
    />
  </div><div>
     Full name: Jane Doe
  </div><app-child />
</app-root>
`;
